// Jest Snapshot v1, https://goo.gl/fbAQLP

exports[`Test in <App/> - Debe de hacer match con el snapshot 1`] = `undefined`;
